src/app/api/extension/route.ts(45,69): error TS18047: 'user' is possibly 'null'.
